gdb a.out
GNU gdb (Ubuntu 8.1.1-0ubuntu1) 8.1.1
Copyright (C) 2018 Free Software Foundation, Inc.
License GPLv3+: GNU GPL version 3 or later <http://gnu.org/licenses/gpl.html>
This is free software: you are free to change and redistribute it.
There is NO WARRANTY, to the extent permitted by law.  Type "show copying"
and "show warranty" for details.
This GDB was configured as "x86_64-linux-gnu".
Type "show configuration" for configuration details.
For bug reporting instructions, please see:
<http://www.gnu.org/software/gdb/bugs/>.
Find the GDB manual and other documentation resources online at:
<http://www.gnu.org/software/gdb/documentation/>.
For help, type "help".
Type "apropos word" to search for commands related to "word"...
Reading symbols from a.out...done.
(gdb) b main
Breakpoint 1 at 0x845: file p2original.c, line 28.
(gdb) r
Starting program: /home/runner/ppa-IA2-practice2/a.out 
warning: Error disabling address space randomization: Operation not permitted

Breakpoint 1, main () at p2original.c:28
28  a = input_side();
(gdb) s
input_side () at p2original.c:4
4   { int l;
(gdb) n
5     printf("Enter the length of sides of the triangle\n");
(gdb) n
Enter the length of sides of the triangle
6     scanf("%d",&l);
(gdb) n
4
7     return l;
(gdb) n
9   }
(gdb) n
main () at p2original.c:29
29  b = input_side();
(gdb) s
input_side () at p2original.c:4
4   { int l;
(gdb) n
5     printf("Enter the length of sides of the triangle\n");
(gdb) n
Enter the length of sides of the triangle
6     scanf("%d",&l);
(gdb) n
6
7     return l;
(gdb) n
9   }
(gdb) n
main () at p2original.c:30
30  c = input_side();
(gdb) s
input_side () at p2original.c:4
4   { int l;
(gdb) n
5     printf("Enter the length of sides of the triangle\n");
(gdb) n
Enter the length of sides of the triangle
6     scanf("%d",&l);
(gdb) n
2
7     return l;
(gdb) n
9   }
(gdb) n
main () at p2original.c:31
31  s = check_scalene(a,b,c);
(gdb) p a
$1 = 4
(gdb) p b
$2 = 6
(gdb) p c
$3 = 2
(gdb) s
check_scalene (a=4, b=6, c=2) at p2original.c:13
13    if(a!=b && b!= c && c!=a)
(gdb) n
15      return is;
(gdb) n
17    }
(gdb) n
main () at p2original.c:32
32  output(a,b,c,s);
(gdb) p s
$4 = -1345215849
(gdb) n
33  return 0;
(gdb) n
34  }(gdb) n
__libc_start_main (main=0x55c342c0083d <main>, argc=1, argv=0x7ffeddb05198, 
    init=<optimized out>, fini=<optimized out>, rtld_fini=<optimized out>, 
    stack_end=0x7ffeddb05188) at ../csu/libc-start.c:344
344 ../csu/libc-start.c: No such file or directory.
(gdb) q
A debugging session is active.

    Inferior 1 [process 1592] will be killed.

Quit anyway? (y or n) y
